test_default_writer_finishes_while_snapshot_schema_guard_is_held (test_branch_snapshot_database.BranchSnapshotDatabaseTests.test_default_writer_finishes_while_snapshot_schema_guard_is_held) ... ok
test_branch_captures_typed_group_base_and_later_default_edits_do_not_leak (test_branch_snapshot_database.BranchSnapshotDatabaseTests.test_branch_captures_typed_group_base_and_later_default_edits_do_not_leak) ... ok
test_creating_and_cancelled_branches_are_absent_from_normal_reads (test_branch_snapshot_database.BranchSnapshotDatabaseTests.test_creating_and_cancelled_branches_are_absent_from_normal_reads) ... ok
test_named_branch_writes_stay_unavailable_until_edit_pipeline (test_branch_snapshot_database.BranchSnapshotDatabaseTests.test_named_branch_writes_stay_unavailable_until_edit_pipeline) ... ok
test_snapshot_catalog_contract_exists (test_branch_snapshot_database.BranchSnapshotDatabaseTests.test_snapshot_catalog_contract_exists) ... ok
test_actual_multilayer_copy_allows_atomic_default_edit_between_layers (test_branch_snapshot_database.BranchSnapshotDatabaseTests.test_actual_multilayer_copy_allows_atomic_default_edit_between_layers) ... ok
test_default_writer_already_running_does_not_advance_captured_head (test_branch_snapshot_database.BranchSnapshotDatabaseTests.test_default_writer_already_running_does_not_advance_captured_head) ... ok
test_repeatable_read_reservations_and_quota_changes_cannot_overbook (test_branch_snapshot_database.BranchSnapshotDatabaseTests.test_repeatable_read_reservations_and_quota_changes_cannot_overbook) ... ok
test_populated_v2_backup_restore_migration_and_user_snapshot_id_hash (test_branch_snapshot_database.BranchSnapshotDatabaseTests.test_populated_v2_backup_restore_migration_and_user_snapshot_id_hash) ... ok
test_waiting_schema_change_forces_40001_then_whole_worker_retry (test_branch_snapshot_database.BranchSnapshotDatabaseTests.test_waiting_schema_change_forces_40001_then_whole_worker_retry) ... ok
test_cancel_worker_before_first_copy (test_branch_snapshot_database.BranchSnapshotDatabaseTests.test_cancel_worker_before_first_copy) ... ok
test_cancel_worker_between_layers (test_branch_snapshot_database.BranchSnapshotDatabaseTests.test_cancel_worker_between_layers) ... ok
test_cancel_worker_before_snapshot_seal (test_branch_snapshot_database.BranchSnapshotDatabaseTests.test_cancel_worker_before_snapshot_seal) ... ok
test_connection_loss_rolls_back_partial_copy_and_recovers_reservation (test_branch_snapshot_database.BranchSnapshotDatabaseTests.test_connection_loss_rolls_back_partial_copy_and_recovers_reservation) ... ok
test_worker_statement_deadline_rolls_back_and_cleans_private_reservation (test_branch_snapshot_database.BranchSnapshotDatabaseTests.test_worker_statement_deadline_rolls_back_and_cleans_private_reservation) ... ok
test_stable_operation_replay_name_cleanup_and_retained_lifecycle (test_branch_snapshot_database.BranchSnapshotDatabaseTests.test_stable_operation_replay_name_cleanup_and_retained_lifecycle) ... ok
test_branch_worker_has_only_finite_routines_and_no_raw_table_access (test_branch_snapshot_database.BranchSnapshotDatabaseTests.test_branch_worker_has_only_finite_routines_and_no_raw_table_access) ... ok
test_concurrent_copy_quota_accounts_retained_typed_rows_and_commit (test_branch_snapshot_database.BranchSnapshotDatabaseTests.test_concurrent_copy_quota_accounts_retained_typed_rows_and_commit) ... ok
test_source_bounds_and_expired_empty_reservations_fail_without_partial_rows (test_branch_snapshot_database.BranchSnapshotDatabaseTests.test_source_bounds_and_expired_empty_reservations_fail_without_partial_rows) ... ok
test_exact_canonical_byte_bounds_include_geometry_text_and_deleted_retention (test_branch_snapshot_database.BranchSnapshotDatabaseTests.test_exact_canonical_byte_bounds_include_geometry_text_and_deleted_retention) ... ok

----------------------------------------------------------------------
Ran 20 tests in 9.257s

OK
