test_default_writer_finishes_while_snapshot_schema_guard_is_held (test_branch_snapshot_database.BranchSnapshotDatabaseTests.test_default_writer_finishes_while_snapshot_schema_guard_is_held) ... ok
test_branch_captures_typed_group_base_and_later_default_edits_do_not_leak (test_branch_snapshot_database.BranchSnapshotDatabaseTests.test_branch_captures_typed_group_base_and_later_default_edits_do_not_leak) ... ok
test_creating_and_cancelled_branches_are_absent_from_normal_reads (test_branch_snapshot_database.BranchSnapshotDatabaseTests.test_creating_and_cancelled_branches_are_absent_from_normal_reads) ... ok
test_named_branch_writes_stay_unavailable_until_edit_pipeline (test_branch_snapshot_database.BranchSnapshotDatabaseTests.test_named_branch_writes_stay_unavailable_until_edit_pipeline) ... ok
test_snapshot_catalog_contract_exists (test_branch_snapshot_database.BranchSnapshotDatabaseTests.test_snapshot_catalog_contract_exists) ... ok
test_actual_multilayer_copy_allows_atomic_default_edit_between_layers (test_branch_snapshot_database.BranchSnapshotDatabaseTests.test_actual_multilayer_copy_allows_atomic_default_edit_between_layers) ... ERROR
test_default_writer_already_running_does_not_advance_captured_head (test_branch_snapshot_database.BranchSnapshotDatabaseTests.test_default_writer_already_running_does_not_advance_captured_head) ... ERROR
test_repeatable_read_reservations_and_quota_changes_cannot_overbook (test_branch_snapshot_database.BranchSnapshotDatabaseTests.test_repeatable_read_reservations_and_quota_changes_cannot_overbook) ... 
  test_repeatable_read_reservations_and_quota_changes_cannot_overbook (test_branch_snapshot_database.BranchSnapshotDatabaseTests.test_repeatable_read_reservations_and_quota_changes_cannot_overbook) (action='reserve') ... FAIL
  test_repeatable_read_reservations_and_quota_changes_cannot_overbook (test_branch_snapshot_database.BranchSnapshotDatabaseTests.test_repeatable_read_reservations_and_quota_changes_cannot_overbook) (action='configure') ... FAIL

======================================================================
ERROR: test_actual_multilayer_copy_allows_atomic_default_edit_between_layers (test_branch_snapshot_database.BranchSnapshotDatabaseTests.test_actual_multilayer_copy_allows_atomic_default_edit_between_layers)
----------------------------------------------------------------------
Traceback (most recent call last):
  File "/home/revelberry/Projects/AmbisGIS_Codex_Plan/db03-worktree/tests/test_branch_snapshot_database.py", line 142, in test_actual_multilayer_copy_allows_atomic_default_edit_between_layers
    parent = self.dataset(parent_definition)
             ^^^^^^^^^^^^^^^^^^^^^^^^^^^^^^^
  File "/home/revelberry/Projects/AmbisGIS_Codex_Plan/db03-worktree/tests/test_managed_database.py", line 38, in dataset
    return create_dataset(self.connection, managed_name='d_'+uuid.uuid4().hex,
           ^^^^^^^^^^^^^^^^^^^^^^^^^^^^^^^^^^^^^^^^^^^^^^^^^^^^^^^^^^^^^^^^^^^
  File "/home/revelberry/Projects/AmbisGIS_Codex_Plan/db03-worktree/managed/database.py", line 28, in create_dataset
    definition = normalized(definition)
                 ^^^^^^^^^^^^^^^^^^^^^^
  File "/home/revelberry/Projects/AmbisGIS_Codex_Plan/db03-worktree/managed/schema.py", line 22, in normalized
    return normalized_v2(value)
           ^^^^^^^^^^^^^^^^^^^^
  File "/home/revelberry/Projects/AmbisGIS_Codex_Plan/db03-worktree/managed/rules.py", line 85, in normalized_v2
    normalized(base)
  File "/home/revelberry/Projects/AmbisGIS_Codex_Plan/db03-worktree/managed/schema.py", line 48, in normalized
    if not isinstance(geometry, dict) or set(geometry) != keys: raise ValueError('invalid geometry definition')
                                                                ^^^^^^^^^^^^^^^^^^^^^^^^^^^^^^^^^^^^^^^^^^^^^^^
ValueError: invalid geometry definition

======================================================================
ERROR: test_default_writer_already_running_does_not_advance_captured_head (test_branch_snapshot_database.BranchSnapshotDatabaseTests.test_default_writer_already_running_does_not_advance_captured_head)
----------------------------------------------------------------------
Traceback (most recent call last):
  File "/home/revelberry/Projects/AmbisGIS_Codex_Plan/db03-worktree/tests/test_branch_snapshot_database.py", line 224, in test_default_writer_already_running_does_not_advance_captured_head
    branch = future.result(timeout=3)
             ^^^^^^^^^^^^^^^^^^^^^^^^
  File "/usr/lib64/python3.12/concurrent/futures/_base.py", line 458, in result
    raise TimeoutError()
TimeoutError

======================================================================
FAIL: test_repeatable_read_reservations_and_quota_changes_cannot_overbook (test_branch_snapshot_database.BranchSnapshotDatabaseTests.test_repeatable_read_reservations_and_quota_changes_cannot_overbook) (action='reserve')
----------------------------------------------------------------------
Traceback (most recent call last):
  File "/home/revelberry/Projects/AmbisGIS_Codex_Plan/db03-worktree/tests/test_branch_snapshot_database.py", line 273, in test_repeatable_read_reservations_and_quota_changes_cannot_overbook
    with self.assertRaises(psycopg2.Error):
         ^^^^^^^^^^^^^^^^^^^^^^^^^^^^^^^^^
AssertionError: Error not raised

======================================================================
FAIL: test_repeatable_read_reservations_and_quota_changes_cannot_overbook (test_branch_snapshot_database.BranchSnapshotDatabaseTests.test_repeatable_read_reservations_and_quota_changes_cannot_overbook) (action='configure')
----------------------------------------------------------------------
Traceback (most recent call last):
  File "/home/revelberry/Projects/AmbisGIS_Codex_Plan/db03-worktree/tests/test_branch_snapshot_database.py", line 273, in test_repeatable_read_reservations_and_quota_changes_cannot_overbook
    with self.assertRaises(psycopg2.Error):
         ^^^^^^^^^^^^^^^^^^^^^^^^^^^^^^^^^
AssertionError: Error not raised

----------------------------------------------------------------------
Ran 8 tests in 3.866s

FAILED (failures=2, errors=2)
