test_default_writer_finishes_while_snapshot_schema_guard_is_held (test_branch_snapshot_database.BranchSnapshotDatabaseTests.test_default_writer_finishes_while_snapshot_schema_guard_is_held) ... ok
test_branch_captures_typed_group_base_and_later_default_edits_do_not_leak (test_branch_snapshot_database.BranchSnapshotDatabaseTests.test_branch_captures_typed_group_base_and_later_default_edits_do_not_leak) ... ok
test_creating_and_cancelled_branches_are_absent_from_normal_reads (test_branch_snapshot_database.BranchSnapshotDatabaseTests.test_creating_and_cancelled_branches_are_absent_from_normal_reads) ... ok
test_named_branch_writes_stay_unavailable_until_edit_pipeline (test_branch_snapshot_database.BranchSnapshotDatabaseTests.test_named_branch_writes_stay_unavailable_until_edit_pipeline) ... ok
test_snapshot_catalog_contract_exists (test_branch_snapshot_database.BranchSnapshotDatabaseTests.test_snapshot_catalog_contract_exists) ... ok
test_actual_multilayer_copy_allows_atomic_default_edit_between_layers (test_branch_snapshot_database.BranchSnapshotDatabaseTests.test_actual_multilayer_copy_allows_atomic_default_edit_between_layers) ... ERROR
test_default_writer_already_running_does_not_advance_captured_head (test_branch_snapshot_database.BranchSnapshotDatabaseTests.test_default_writer_already_running_does_not_advance_captured_head) ... ERROR
test_repeatable_read_reservations_and_quota_changes_cannot_overbook (test_branch_snapshot_database.BranchSnapshotDatabaseTests.test_repeatable_read_reservations_and_quota_changes_cannot_overbook) ... 
  test_repeatable_read_reservations_and_quota_changes_cannot_overbook (test_branch_snapshot_database.BranchSnapshotDatabaseTests.test_repeatable_read_reservations_and_quota_changes_cannot_overbook) (action='reserve') ... FAIL
  test_repeatable_read_reservations_and_quota_changes_cannot_overbook (test_branch_snapshot_database.BranchSnapshotDatabaseTests.test_repeatable_read_reservations_and_quota_changes_cannot_overbook) (action='configure') ... FAIL

======================================================================
ERROR: test_actual_multilayer_copy_allows_atomic_default_edit_between_layers (test_branch_snapshot_database.BranchSnapshotDatabaseTests.test_actual_multilayer_copy_allows_atomic_default_edit_between_layers)
----------------------------------------------------------------------
Traceback (most recent call last):
  File "/home/revelberry/Projects/AmbisGIS_Codex_Plan/db03-worktree/tests/test_branch_snapshot_database.py", line 178, in test_actual_multilayer_copy_allows_atomic_default_edit_between_layers
    self.assertIsNotNone(writing.result(timeout=3))
                         ^^^^^^^^^^^^^^^^^^^^^^^^^
  File "/usr/lib64/python3.12/concurrent/futures/_base.py", line 458, in result
    raise TimeoutError()
TimeoutError

======================================================================
ERROR: test_default_writer_already_running_does_not_advance_captured_head (test_branch_snapshot_database.BranchSnapshotDatabaseTests.test_default_writer_already_running_does_not_advance_captured_head)
----------------------------------------------------------------------
Traceback (most recent call last):
  File "/home/revelberry/Projects/AmbisGIS_Codex_Plan/db03-worktree/tests/test_branch_snapshot_database.py", line 224, in test_default_writer_already_running_does_not_advance_captured_head
    branch = future.result(timeout=3)
             ^^^^^^^^^^^^^^^^^^^^^^^^
  File "/usr/lib64/python3.12/concurrent/futures/_base.py", line 458, in result
    raise TimeoutError()
TimeoutError

======================================================================
FAIL: test_repeatable_read_reservations_and_quota_changes_cannot_overbook (test_branch_snapshot_database.BranchSnapshotDatabaseTests.test_repeatable_read_reservations_and_quota_changes_cannot_overbook) (action='reserve')
----------------------------------------------------------------------
Traceback (most recent call last):
  File "/home/revelberry/Projects/AmbisGIS_Codex_Plan/db03-worktree/tests/test_branch_snapshot_database.py", line 273, in test_repeatable_read_reservations_and_quota_changes_cannot_overbook
    with self.assertRaises(psycopg2.Error):
         ^^^^^^^^^^^^^^^^^^^^^^^^^^^^^^^^^
AssertionError: Error not raised

======================================================================
FAIL: test_repeatable_read_reservations_and_quota_changes_cannot_overbook (test_branch_snapshot_database.BranchSnapshotDatabaseTests.test_repeatable_read_reservations_and_quota_changes_cannot_overbook) (action='configure')
----------------------------------------------------------------------
Traceback (most recent call last):
  File "/home/revelberry/Projects/AmbisGIS_Codex_Plan/db03-worktree/tests/test_branch_snapshot_database.py", line 273, in test_repeatable_read_reservations_and_quota_changes_cannot_overbook
    with self.assertRaises(psycopg2.Error):
         ^^^^^^^^^^^^^^^^^^^^^^^^^^^^^^^^^
AssertionError: Error not raised

----------------------------------------------------------------------
Ran 8 tests in 7.076s

FAILED (failures=2, errors=2)
